// Jest Snapshot v1, https://goo.gl/fbAQLP

exports[`Icon render 成功 1`] = `
<svg
  className="icon"
>
  <use
    xlinkHref="#undefined"
  />
</svg>
`;
